TackyProgram {
    top_level: [
        Function(
            TackyFunction {
                name: "main",
                return_type: Int,
                params: [],
                global: true,
                body: [
                    Copy {
                        src: Constant(
                            40,
                        ),
                        dst: Var(
                            "x.0",
                        ),
                    },
                    Binary {
                        op: Add,
                        left: Var(
                            "x.0",
                        ),
                        right: Constant(
                            2,
                        ),
                        dst: Var(
                            "__rnqcc_tmp.0",
                        ),
                    },
                    Return(
                        Var(
                            "__rnqcc_tmp.0",
                        ),
                    ),
                    Return(
                        Constant(
                            0,
                        ),
                    ),
                ],
                stack_params: {},
                memory_param_blocks: [],
                struct_param_groups: [],
            },
        ),
    ],
    global_vars: {},
    extern_vars: {},
    thread_local_vars: {},
    symbol_types: {
        "x.0": Int,
        "__rnqcc_tmp.0": Int,
    },
    symbol_alignments: {},
    array_sizes: {},
    struct_defs: {},
    var_struct_tags: {},
}
